<ul><li>Item one</li>
<li>Item two</li>
<li>This is the much longer item and this item is known simply as item three.</li></ul>