<p>This is paragraph one.</p>

<p>This is paragraph two.</p>

<p>This is paragraph three. Watchout for the end of file.</p>