<p>This is a paragraph</p>

<pre>   This is preformatted text
        it's cool

   and Spiffy</pre>

<pre>This is preformatted too</pre>

<pre> So is this</pre>

<p>This is a paragraph</p>